// Jest Snapshot v1, https://goo.gl/fbAQLP

exports[`The ListItemLink should render correctly 1`] = `
<a
  aria-disabled={false}
  className="MuiButtonBase-root MuiListItem-root MuiListItem-gutters MuiListItem-button"
  href="/destination"
  onBlur={[Function]}
  onClick={[Function]}
  onDragLeave={[Function]}
  onFocus={[Function]}
  onKeyDown={[Function]}
  onKeyUp={[Function]}
  onMouseDown={[Function]}
  onMouseLeave={[Function]}
  onMouseUp={[Function]}
  onTouchEnd={[Function]}
  onTouchMove={[Function]}
  onTouchStart={[Function]}
  role="button"
  tabIndex={0}
>
  contents
</a>
`;
